// Jest Snapshot v1, https://goo.gl/fbAQLP

exports[`test <HomeScreen /> should return component <HomeScreen /> 1`] = `
Array [
  <h1>
    Home Screen
  </h1>,
  <hr />,
  <pre>
    {
   "name": "John",
   "email": "john@example.com"
}
  </pre>,
]
`;
