// Jest Snapshot v1, https://goo.gl/fbAQLP

exports[`test <MultipleCustomHooks /> should return component <MultipleCustomHooks /> 1`] = `
<Fragment>
  <h1>
    BreakingBad Quotes
  </h1>
  <hr />
  <div
    className="alert alert-info text-center"
  >
    Loading...
  </div>
</Fragment>
`;
