// Jest Snapshot v1, https://goo.gl/fbAQLP

exports[`test <TodoAdd /> should return component <TodoAdd /> 1`] = `
<Fragment>
  <h4>
    Add Todo
  </h4>
  <hr />
  <form
    className="d-grid gap-2"
    onSubmit={[Function]}
  >
    <input
      autoComplete="off"
      className="form-control"
      name="description"
      onChange={[Function]}
      placeholder="Write..."
      type="text"
      value=""
    />
    <button
      className="btn btn-outline-primary mt-1 btn-sm btn-block"
      type="submit"
    >
      Add
    </button>
  </form>
</Fragment>
`;
