// Jest Snapshot v1, https://goo.gl/fbAQLP

exports[`HookApp should return component <HookApp/> 1`] = `
<Fragment>
  <h1>
    Hola Mundo
  </h1>
</Fragment>
`;
